// Jest Snapshot v1, https://goo.gl/fbAQLP

exports[`<ChartLine /> renders correctly 1`] = `
<div
  className="card-chart card-chart--big card--line chart-visualize"
  style={
    Object {
      "backgroundColor": "#606060",
      "boxShadow": "2px 2px 2px black",
      "color": "white",
    }
  }
>
  <ResponsiveContainer
    debounce={0}
    height="100%"
    width="100%"
  >
    <LineChart
      barCategoryGap="10%"
      barGap={4}
      layout="horizontal"
      margin={
        Object {
          "bottom": 5,
          "left": 20,
          "right": 30,
          "top": 5,
        }
      }
      reverseStackOrder={false}
      stackOffset="none"
      syncMethod="index"
    >
      <CartesianGrid
        fill="none"
        horizontal={true}
        horizontalFill={Array []}
        horizontalPoints={Array []}
        stroke="#ccc"
        strokeDasharray="3 3"
        vertical={true}
        verticalFill={Array []}
        verticalPoints={Array []}
      />
      <XAxis
        allowDataOverflow={false}
        allowDecimals={true}
        allowDuplicatedCategory={true}
        dataKey="size"
        domain={
          Array [
            0,
            "auto",
          ]
        }
        height={30}
        hide={false}
        mirror={false}
        orientation="bottom"
        padding={
          Object {
            "left": 0,
            "right": 0,
          }
        }
        reversed={false}
        scale="auto"
        tickCount={5}
        type="category"
        width={0}
        xAxisId={0}
      />
      <YAxis
        allowDataOverflow={false}
        allowDecimals={true}
        allowDuplicatedCategory={true}
        domain={
          Array [
            0,
            "auto",
          ]
        }
        height={0}
        hide={false}
        mirror={false}
        orientation="left"
        padding={
          Object {
            "bottom": 0,
            "top": 0,
          }
        }
        reversed={false}
        scale="auto"
        tickCount={5}
        type="number"
        width={60}
        yAxisId={0}
      />
      <Tooltip
        active={false}
        allowEscapeViewBox={
          Object {
            "x": false,
            "y": false,
          }
        }
        animationDuration={400}
        animationEasing="ease"
        contentStyle={Object {}}
        coordinate={
          Object {
            "x": 0,
            "y": 0,
          }
        }
        cursor={true}
        cursorStyle={Object {}}
        filterNull={true}
        isAnimationActive={true}
        itemStyle={Object {}}
        labelStyle={Object {}}
        offset={10}
        separator=" : "
        trigger="hover"
        useTranslate3d={false}
        viewBox={
          Object {
            "x1": 0,
            "x2": 0,
            "y1": 0,
            "y2": 0,
          }
        }
        wrapperStyle={Object {}}
      />
      <Legend
        align="center"
        iconSize={14}
        layout="horizontal"
        verticalAlign="bottom"
      />
      <Line
        activeDot={true}
        animateNewValues={true}
        animationBegin={0}
        animationDuration={1500}
        animationEasing="ease"
        connectNulls={false}
        dataKey="worst"
        dot={true}
        fill="#fff"
        hide={false}
        isAnimationActive={true}
        legendType="line"
        points={Array []}
        stroke="#FF7A00"
        strokeWidth={1}
        type="monotone"
        xAxisId={0}
        yAxisId={0}
      />
      <Line
        activeDot={true}
        animateNewValues={true}
        animationBegin={0}
        animationDuration={1500}
        animationEasing="ease"
        connectNulls={false}
        dataKey="average"
        dot={true}
        fill="#fff"
        hide={false}
        isAnimationActive={true}
        legendType="line"
        points={Array []}
        stroke="#6F52ED"
        strokeWidth={1}
        type="monotone"
        xAxisId={0}
        yAxisId={0}
      />
      <Line
        activeDot={true}
        animateNewValues={true}
        animationBegin={0}
        animationDuration={1500}
        animationEasing="ease"
        connectNulls={false}
        dataKey="best"
        dot={true}
        fill="#fff"
        hide={false}
        isAnimationActive={true}
        legendType="line"
        points={Array []}
        stroke="#28E451"
        strokeWidth={1}
        type="monotone"
        xAxisId={0}
        yAxisId={0}
      />
    </LineChart>
  </ResponsiveContainer>
</div>
`;
